IBM 1620 Jr. SPS Assembler (v1.05)    Source: /home/martin/git/Py1620/fizzbuzz.sps    Assembled: 5/17/2025 @ 14:05

      1  00402 34 00000 00102        START  RCTY
                        _    
      2  00414 12 00702 00001        LOOP   SM   FC,1
                        _    
      3  00426 12 00707 00001               SM   BC,1
                        _    
      4  00438 14 00702 00000               CM   FC,0
      5  00450 47 00498 01200               BNE  DOBUZ
      6  00462 39 00679 00100               WATY FIZZ
                        _    
      7  00474 11 00712 00001               AM   OUT,1
                        _    
      8  00486 11 00702 00003               AM   FC,3
                        _    
      9  00498 14 00707 00000        DOBUZ  CM   BC,0
     10  00510 47 00558 01200               BNE  END
     11  00522 39 00689 00100               WATY BUZZ
                        _    
     12  00534 11 00712 00001               AM   OUT,1
                        _    
     13  00546 11 00707 00005               AM   BC,5
                        _    
     14  00558 14 00712 00000        END    CM   OUT,0
     15  00570 47 00594 01200               BNE  ENDL
     16  00582 38 00715 00100               WNTY IT-2
                        _    
     17  00594 11 00717 00001        ENDL   AM   IT,1
                        _    
     18  00606 12 00723 00001               SM   COUNT,1
                        _    
     19  00618 16 00712 00000               TFM  OUT,0
     20  00630 34 00000 00102               RCTY
                        _    
     21  00642 14 00723 00000               CM   COUNT,0
     22  00654 47 00414 01200               BNE  LOOP
     23  00666 48 00000 00000               H
               _             
     24  00678 464969690@            FIZZ   DAC  5,FIZZ@
               _             
     25  00688 426469690@            BUZZ   DAC  5,BUZZ@
               _             
     26  00698 00003                 FC     DC   5,3
               _             
     27  00703 00005                 BC     DC   5,5
               _             
     28  00708 00000                 OUT    DC   5,0
               _             
     29  00713 00001                 IT     DC   5,1
     30  00718 @                            DC   1,@
               _             
     31  00719 00100                 COUNT  DC   5,100
     32  00402                              DEND START

                                 Symbol Cross-Reference Table
                                 ============================


  Symbol   Addr.  Type    Defined  References
  -------  -----  ------  -------  -------------------------------------------------------------
  BC       00707  DC           27        3        9       13
  BUZZ     00689  DAC          25       11
  COUNT    00723  DC           31       18       21
  DOBUZ    00498  <inst>        9        5
  END      00558  <inst>       14       10
  ENDL     00594  <inst>       17       15
  FC       00702  DC           26        2        4        8
  FIZZ     00679  DAC          24        6
  IT       00717  DC           29       16       17
  LOOP     00414  <inst>        2       22
  OUT      00712  DC           28        7       12       14       19
  START    00402  <inst>        1       32
