IBM 1620 Jr. SPS Assembler (v1.05)    Source: /home/martin/git/Py1620/mand.sps    Assembled: 5/18/2025 @ 01:29

      1  00402 34 00000 00102        START  RCTY                 ,,, RETURN CARRIAGE
      2  00414 41 00000 00000        LOOPY  NOP
      3  00426 06 00981 01029               TFL  X0,MIN2         ,,, RESET X0 TO -2
                        _    
      4  00438 16 01049 00000               TFM  XP,0
      5  00450 34 00000 00102               RCTY
      6  00462 41 00000 00000        LOOPX  NOP
                        _    
      7  00474 16 01044 00000               TFM  ITER,0
      8  00486 06 00925 01021               TFL  X,ZERO
      9  00498 06 00933 01021               TFL  Y,ZERO
     10  00510 41 00000 00000        LOOPI  NOP
     11  00522 06 00941 00925               TFL  X2,X            ,,, CALCULATE X*X AND Y*Y
     12  00534 03 00941 00925               FMUL X2,X
     13  00546 06 00949 00933               TFL  Y2,Y
     14  00558 03 00949 00933               FMUL Y2,Y
     15  00570 06 00957 00941               TFL  XT,X2           ,,, CALCULATE XT
     16  00582 02 00957 00949               FSUB XT,Y2
     17  00594 01 00957 00981               FADD XT,X0
     18  00606 06 00965 00925               TFL  XY,X            ,,, CALCULATE 2*X*Y
     19  00618 03 00965 00933               FMUL XY,Y
     20  00630 03 00965 01013               FMUL XY,TWO
     21  00642 06 00933 00989               TFL  Y,Y0            ,,, CALCULATE Y
     22  00654 01 00933 00965               FADD Y,XY
     23  00666 06 00925 00957               TFL  X,XT
     24  00678 06 00973 00941               TFL  Z,X2            ,,, CALCULATE Z
     25  00690 01 00973 00949               FADD Z,Y2
     26  00702 02 00973 01039               FSUB Z,FOUR          ,,, CHECK IF Z LARGER THAN 4
                        _    
     27  00714 14 00971 00000               CM   Z-2,0
     28  00726 46 00798 01100               BH   FAIL
                        _    
     29  00738 11 01044 00001               AM   ITER,1
                        _    
     30  00750 14 01044 00020               CM   ITER,20         ,,, ITERATE 20 TIMES
     31  00762 47 00510 01200               BNE  LOOPI
     32  00774 39 01057 00100               WATY STAR            ,,, PRINT A STAR
     33  00786 49 00810 00000               B    CONT
     34  00798 34 00000 00101        FAIL   SPTY                 ,,, PRINT A SPACE
     35  00810 01 00981 00997        CONT   FADD X0,XD
                        _    
     36  00822 11 01049 00001               AM   XP,1
                        _    
     37  00834 14 01049 00076               CM   XP,76
     38  00846 47 00462 01200               BNE  LOOPX           ,,, JUMP BACK TO X LOOP
     39  00858 01 00989 01005               FADD Y0,YD
                        _    
     40  00870 11 01054 00001               AM   YP,1
                        _    
     41  00882 14 01054 00031               CM   YP,31
     42  00894 47 00414 01200               BNE  LOOPY           ,,, JUMP BACK TO Y LOOP
     43  00906 48 00000 00000               H                    ,,, HALT WHEN FINISHED
               _             
     44  00918 000000                       DC   6,0
               _             
     45  00924 00                    X      DC   2,0
               _             
     46  00926 000000                       DC   6,0
               _             
     47  00932 00                    Y      DC   2,0
               _             
     48  00934 000000                       DC   6,0
               _             
     49  00940 00                    X2     DC   2,0
               _             
     50  00942 000000                       DC   6,0
               _             
     51  00948 00                    Y2     DC   2,0
               _             
     52  00950 000000                       DC   6,0
               _             
     53  00956 00                    XT     DC   2,0
               _             
     54  00958 000000                       DC   6,0
               _             
     55  00964 00                    XY     DC   2,0
               _             
     56  00966 000000                       DC   6,0
               _             
     57  00972 00                    Z      DC   2,0
               _    _        
     58  00974 200000                       DC   6,-200000
               _             
     59  00980 01                    X0     DC   2,1             ,,, X0 = -2.
               _    _        
     60  00982 100000                       DC   6,-100000
               _             
     61  00988 01                    Y0     DC   2,1             ,,, Y0 = -1.
               _             
     62  00990 333333                       DC   6,333333
               __            
     63  00996 01                    XD     DC   2,-1            ,,, XD = .0333
               _             
     64  00998 666666                       DC   6,666666
               __            
     65  01004 01                    YD     DC   2,-1            ,,, YD = .0666
               _             
     66  01006 200000                       DC   6,200000
               _             
     67  01012 01                    TWO    DC   2,1             ,,, TWO = 2.
               _             
     68  01014 000000                       DC   6,0
               __            
     69  01020 99                    ZERO   DC   2,-99           ,,, ZERO = 0.
               _    _        
     70  01022 200000                       DC   6,-200000
               _             
     71  01028 01                    MIN2   DC   2,1             ,,, MIN2 = -2.
               _             
     72  01030 01                    ONE2   DC   2,1             ,,, ONE2 = 01
               _             
     73  01032 400000                       DC   6,400000
               _             
     74  01038 01                    FOUR   DC   2,1             ,,, FOUR = 4.
               _             
     75  01040 00000                 ITER   DC   5,0             ,,, CURRENT ITERATION
               _             
     76  01045 00000                 XP     DC   5,0             ,,, X SCREEN LOCATION
               _             
     77  01050 00000                 YP     DC   5,0             ,,, Y SCREEN LOCATION
               _             
     78  01056 140@                  STAR   DAC  2,*@            ,,, STAR CHARACTER
     79  00402                              DEND START

                                 Symbol Cross-Reference Table
                                 ============================


  Symbol   Addr.  Type    Defined  References
  -------  -----  ------  -------  -------------------------------------------------------------
  CONT     00810  <inst>       35       33
  FAIL     00798  <inst>       34       28
  FOUR     01039  DC           74       26
  ITER     01044  DC           75        7       29       30
  LOOPI    00510  <inst>       10       31
  LOOPX    00462  <inst>        6       38
  LOOPY    00414  <inst>        2       42
  MIN2     01029  DC           71        3
  ONE2     01031  DC           72
  STAR     01057  DAC          78       32
  START    00402  <inst>        1       79
  TWO      01013  DC           67       20
  X        00925  DC           45        8       11       12       18       23
  X0       00981  DC           59        3       17       35
  X2       00941  DC           49       11       12       15       24
  XD       00997  DC           63       35
  XP       01049  DC           76        4       36       37
  XT       00957  DC           53       15       16       17       23
  XY       00965  DC           55       18       19       20       22
  Y        00933  DC           47        9       13       14       19       21       22
  Y0       00989  DC           61       21       39
  Y2       00949  DC           51       13       14       16       25
  YD       01005  DC           65       39
  YP       01054  DC           77       40       41
  Z        00973  DC           57       24       25       26       27
  ZERO     01021  DC           69        8        9
